// Jest Snapshot v1, https://goo.gl/fbAQLP

exports[`Pruebas de FirstApp Should match with the snapshot 1`] = `
<div>
  <h1>
    Hola Mundo
  </h1>
  <h2>
    subtitulo
  </h2>
  <p>
    This is a paragraph
  </p>
</div>
`;
